
Memory Configuration

Name             Origin             Length             Attributes
ram              0x00000000         0x00000200         rw
*default*        0x00000000         0xffffffff

Linker script and memory map


.text           0x00000000       0x14 load address 0x0000000c
 *(.text)
 .text          0x00000000       0x14 ulp.ulp.o
                0x00000000                entry

.data           0x00000014        0x0 load address 0x00000020
                0x00000014                . = ALIGN (0x4)
 *(.data)
 .data          0x00000014        0x0 ulp.ulp.o

.bss            0x00000014        0x4 load address 0x00000020
                0x00000014                . = ALIGN (0x4)
 *(.bss)
 .bss           0x00000014        0x4 ulp.ulp.o
                0x00000014                ctr

.header         0x00000018        0xc load address 0x00000000
                0x00000018        0x4 LONG 0x706c75
                0x0000001c        0x2 SHORT 0xc LOADADDR (.text)
                0x0000001e        0x2 SHORT 0x14 SIZEOF (.text)
                0x00000020        0x2 SHORT 0x0 SIZEOF (.data)
                0x00000022        0x2 SHORT 0x4 SIZEOF (.bss)
LOAD ulp.ulp.o
OUTPUT(ulp_main.elf elf32-esp32ulp)
