
Memory Configuration

Name             Origin             Length             Attributes
ram              0x00000000         0x00000200         rw
*default*        0x00000000         0xffffffff

Linker script and memory map


.text           0x00000000       0x94 load address 0x0000000c
 *(.text)
 .text          0x00000000       0x94 ulp.ulp.o
                0x00000000                entry

.data           0x00000094        0x4 load address 0x000000a0
                0x00000094                . = ALIGN (0x4)
 *(.data)
 .data          0x00000094        0x4 ulp.ulp.o
                0x00000094                iomask

.bss            0x00000098        0x4 load address 0x000000a4
                0x00000098                . = ALIGN (0x4)
 *(.bss)
 .bss           0x00000098        0x4 ulp.ulp.o
                0x00000098                ctr

.header         0x0000009c        0xc load address 0x00000000
                0x0000009c        0x4 LONG 0x706c75
                0x000000a0        0x2 SHORT 0xc LOADADDR (.text)
                0x000000a2        0x2 SHORT 0x94 SIZEOF (.text)
                0x000000a4        0x2 SHORT 0x4 SIZEOF (.data)
                0x000000a6        0x2 SHORT 0x4 SIZEOF (.bss)
LOAD ulp.ulp.o
OUTPUT(ulp_main.elf elf32-esp32ulp)
